Archive member included because of file (symbol)

c:/program files (x86)/atmel/avr tools/avr toolchain/bin/../lib/gcc/avr/4.5.1/avr5\libgcc.a(_mulsi3.o)
                              ff.o (__mulsi3)
c:/program files (x86)/atmel/avr tools/avr toolchain/bin/../lib/gcc/avr/4.5.1/avr5\libgcc.a(_udivmodsi4.o)
                              ff.o (__udivmodsi4)
c:/program files (x86)/atmel/avr tools/avr toolchain/bin/../lib/gcc/avr/4.5.1/avr5\libgcc.a(_exit.o)
                              c:/program files (x86)/atmel/avr tools/avr toolchain/bin/../lib/gcc/avr/4.5.1/../../../../avr/lib/avr5/crtm328p.o (exit)
c:/program files (x86)/atmel/avr tools/avr toolchain/bin/../lib/gcc/avr/4.5.1/avr5\libgcc.a(_copy_data.o)
                              KursachV1.o (__do_copy_data)
c:/program files (x86)/atmel/avr tools/avr toolchain/bin/../lib/gcc/avr/4.5.1/avr5\libgcc.a(_clear_bss.o)
                              diskio.o (__do_clear_bss)
c:/program files (x86)/atmel/avr tools/avr toolchain/bin/../lib/gcc/avr/4.5.1/../../../../avr/lib/avr5\libc.a(memcmp.o)
                              ff.o (memcmp)
c:/program files (x86)/atmel/avr tools/avr toolchain/bin/../lib/gcc/avr/4.5.1/../../../../avr/lib/avr5\libc.a(memcpy.o)
                              ff.o (memcpy)
c:/program files (x86)/atmel/avr tools/avr toolchain/bin/../lib/gcc/avr/4.5.1/../../../../avr/lib/avr5\libc.a(memset.o)
                              ff.o (memset)
c:/program files (x86)/atmel/avr tools/avr toolchain/bin/../lib/gcc/avr/4.5.1/../../../../avr/lib/avr5\libc.a(strchr.o)
                              ff.o (strchr)

Allocating common symbols
Common symbol       size              file

SD_data             0x200             diskio.o

Memory Configuration

Name             Origin             Length             Attributes
text             0x00000000         0x00020000         xr
data             0x00800060         0x0000ffa0         rw !x
eeprom           0x00810000         0x00010000         rw !x
fuse             0x00820000         0x00000400         rw !x
lock             0x00830000         0x00000400         rw !x
signature        0x00840000         0x00000400         rw !x
*default*        0x00000000         0xffffffff

Linker script and memory map

Address of section .data set to 0x800100
LOAD c:/program files (x86)/atmel/avr tools/avr toolchain/bin/../lib/gcc/avr/4.5.1/../../../../avr/lib/avr5/crtm328p.o
LOAD KursachV1.o
LOAD log.o
LOAD i2c_config.o
LOAD ssd1306.o
LOAD diskio.o
LOAD ff.o
LOAD c:/program files (x86)/atmel/avr tools/avr toolchain/bin/../lib/gcc/avr/4.5.1/avr5\libgcc.a
LOAD c:/program files (x86)/atmel/avr tools/avr toolchain/bin/../lib/gcc/avr/4.5.1/../../../../avr/lib/avr5\libc.a
LOAD c:/program files (x86)/atmel/avr tools/avr toolchain/bin/../lib/gcc/avr/4.5.1/avr5\libgcc.a

.hash
 *(.hash)

.dynsym
 *(.dynsym)

.dynstr
 *(.dynstr)

.gnu.version
 *(.gnu.version)

.gnu.version_d
 *(.gnu.version_d)

.gnu.version_r
 *(.gnu.version_r)

.rel.init
 *(.rel.init)

.rela.init
 *(.rela.init)

.rel.text
 *(.rel.text)
 *(.rel.text.*)
 *(.rel.gnu.linkonce.t*)

.rela.text
 *(.rela.text)
 *(.rela.text.*)
 *(.rela.gnu.linkonce.t*)

.rel.fini
 *(.rel.fini)

.rela.fini
 *(.rela.fini)

.rel.rodata
 *(.rel.rodata)
 *(.rel.rodata.*)
 *(.rel.gnu.linkonce.r*)

.rela.rodata
 *(.rela.rodata)
 *(.rela.rodata.*)
 *(.rela.gnu.linkonce.r*)

.rel.data
 *(.rel.data)
 *(.rel.data.*)
 *(.rel.gnu.linkonce.d*)

.rela.data
 *(.rela.data)
 *(.rela.data.*)
 *(.rela.gnu.linkonce.d*)

.rel.ctors
 *(.rel.ctors)

.rela.ctors
 *(.rela.ctors)

.rel.dtors
 *(.rel.dtors)

.rela.dtors
 *(.rela.dtors)

.rel.got
 *(.rel.got)

.rela.got
 *(.rela.got)

.rel.bss
 *(.rel.bss)

.rela.bss
 *(.rela.bss)

.rel.plt
 *(.rel.plt)

.rela.plt
 *(.rela.plt)

.text           0x00000000     0x4346
 *(.vectors)
 .vectors       0x00000000       0x68 c:/program files (x86)/atmel/avr tools/avr toolchain/bin/../lib/gcc/avr/4.5.1/../../../../avr/lib/avr5/crtm328p.o
                0x00000000                __vector_default
                0x00000000                __vectors
 *(.vectors)
 *(.progmem.gcc*)
 *(.progmem*)
 .progmem.data  0x00000068       0xb9 ssd1306.o
                0x00000068                font_5x8
                0x00000122                . = ALIGN (0x2)
 *fill*         0x00000121        0x1 00
                0x00000122                __trampolines_start = .
 *(.trampolines)
 .trampolines   0x00000122        0x0 linker stubs
 *(.trampolines*)
                0x00000122                __trampolines_end = .
 *(.jumptables)
 *(.jumptables*)
 *(.lowtext)
 *(.lowtext*)
                0x00000122                __ctors_start = .
 *(.ctors)
                0x00000122                __ctors_end = .
                0x00000122                __dtors_start = .
 *(.dtors)
                0x00000122                __dtors_end = .
 SORT(*)(.ctors)
 SORT(*)(.dtors)
 *(.init0)
 .init0         0x00000122        0x0 c:/program files (x86)/atmel/avr tools/avr toolchain/bin/../lib/gcc/avr/4.5.1/../../../../avr/lib/avr5/crtm328p.o
                0x00000122                __init
 *(.init0)
 *(.init1)
 *(.init1)
 *(.init2)
 .init2         0x00000122        0xc c:/program files (x86)/atmel/avr tools/avr toolchain/bin/../lib/gcc/avr/4.5.1/../../../../avr/lib/avr5/crtm328p.o
 *(.init2)
 *(.init3)
 *(.init3)
 *(.init4)
 .init4         0x0000012e       0x16 c:/program files (x86)/atmel/avr tools/avr toolchain/bin/../lib/gcc/avr/4.5.1/avr5\libgcc.a(_copy_data.o)
                0x0000012e                __do_copy_data
 .init4         0x00000144       0x10 c:/program files (x86)/atmel/avr tools/avr toolchain/bin/../lib/gcc/avr/4.5.1/avr5\libgcc.a(_clear_bss.o)
                0x00000144                __do_clear_bss
 *(.init4)
 *(.init5)
 *(.init5)
 *(.init6)
 *(.init6)
 *(.init7)
 *(.init7)
 *(.init8)
 *(.init8)
 *(.init9)
 .init9         0x00000154        0x8 c:/program files (x86)/atmel/avr tools/avr toolchain/bin/../lib/gcc/avr/4.5.1/../../../../avr/lib/avr5/crtm328p.o
 *(.init9)
 *(.text)
 .text          0x0000015c        0x4 c:/program files (x86)/atmel/avr tools/avr toolchain/bin/../lib/gcc/avr/4.5.1/../../../../avr/lib/avr5/crtm328p.o
                0x0000015c                __vector_22
                0x0000015c                __vector_1
                0x0000015c                __vector_24
                0x0000015c                __vector_12
                0x0000015c                __bad_interrupt
                0x0000015c                __vector_6
                0x0000015c                __vector_3
                0x0000015c                __vector_23
                0x0000015c                __vector_25
                0x0000015c                __vector_11
                0x0000015c                __vector_13
                0x0000015c                __vector_17
                0x0000015c                __vector_19
                0x0000015c                __vector_7
                0x0000015c                __vector_5
                0x0000015c                __vector_4
                0x0000015c                __vector_9
                0x0000015c                __vector_2
                0x0000015c                __vector_21
                0x0000015c                __vector_15
                0x0000015c                __vector_8
                0x0000015c                __vector_14
                0x0000015c                __vector_10
                0x0000015c                __vector_16
                0x0000015c                __vector_18
                0x0000015c                __vector_20
 .text          0x00000160      0x382 KursachV1.o
                0x00000160                sd_append
                0x0000024e                sd_write
                0x00000344                sd_read
                0x00000428                display
                0x0000042a                main
 .text          0x000004e2       0xda log.o
                0x000004e2                init_leds
                0x000004f0                blink
 .text          0x000005bc       0x82 i2c_config.o
                0x000005bc                i2c_init
                0x000005ce                i2c_start
                0x0000060c                i2c_stop
                0x0000061c                i2c_write
 .text          0x0000063e      0x24a ssd1306.o
                0x0000063e                ssd1306_cmd
                0x0000065c                ssd1306_init
                0x0000073c                ssd1306_set_cursor
                0x0000076a                ssd1306_clear
                0x000007aa                ssd1306_print_char
                0x0000081a                ssd1306_print_string
                0x00000842                ssd1306_test_chars
 .text          0x00000888      0x48e diskio.o
                0x00000888                SPI_init
                0x00000896                SPI_put
                0x000008a2                SD_command
                0x0000093a                SD_acmd
                0x0000096c                SD_read
                0x000009d6                SD_write
                0x00000a72                disk_status
                0x00000a7e                disk_initialize
                0x00000bac                disk_read
                0x00000c38                disk_write
                0x00000cc4                disk_ioctl
                0x00000d0c                get_fattime
 .text          0x00000d16     0x355a ff.o
                0x00002660                f_mount
                0x000026f2                f_open
                0x00002a9a                f_read
                0x00002db6                f_write
                0x000031ac                f_sync
                0x000032b0                f_close
                0x000032ec                f_lseek
                0x000036c0                f_opendir
                0x00003774                f_closedir
                0x000037a6                f_stat
                0x000038d0                f_getfree
                0x00003ad2                f_truncate
                0x00003c4a                f_unlink
                0x00003e1c                f_mkdir
                0x0000401a                f_rename
 .text          0x00004270        0x0 c:/program files (x86)/atmel/avr tools/avr toolchain/bin/../lib/gcc/avr/4.5.1/avr5\libgcc.a(_mulsi3.o)
 .text          0x00004270        0x0 c:/program files (x86)/atmel/avr tools/avr toolchain/bin/../lib/gcc/avr/4.5.1/avr5\libgcc.a(_udivmodsi4.o)
 .text          0x00004270        0x0 c:/program files (x86)/atmel/avr tools/avr toolchain/bin/../lib/gcc/avr/4.5.1/avr5\libgcc.a(_exit.o)
 .text          0x00004270        0x0 c:/program files (x86)/atmel/avr tools/avr toolchain/bin/../lib/gcc/avr/4.5.1/avr5\libgcc.a(_copy_data.o)
 .text          0x00004270        0x0 c:/program files (x86)/atmel/avr tools/avr toolchain/bin/../lib/gcc/avr/4.5.1/avr5\libgcc.a(_clear_bss.o)
 .text          0x00004270        0x0 c:/program files (x86)/atmel/avr tools/avr toolchain/bin/../lib/gcc/avr/4.5.1/../../../../avr/lib/avr5\libc.a(memcmp.o)
 .text          0x00004270        0x0 c:/program files (x86)/atmel/avr tools/avr toolchain/bin/../lib/gcc/avr/4.5.1/../../../../avr/lib/avr5\libc.a(memcpy.o)
 .text          0x00004270        0x0 c:/program files (x86)/atmel/avr tools/avr toolchain/bin/../lib/gcc/avr/4.5.1/../../../../avr/lib/avr5\libc.a(memset.o)
 .text          0x00004270        0x0 c:/program files (x86)/atmel/avr tools/avr toolchain/bin/../lib/gcc/avr/4.5.1/../../../../avr/lib/avr5\libc.a(strchr.o)
                0x00004270                . = ALIGN (0x2)
 *(.text.*)
 .text.libgcc   0x00004270       0x3e c:/program files (x86)/atmel/avr tools/avr toolchain/bin/../lib/gcc/avr/4.5.1/avr5\libgcc.a(_mulsi3.o)
                0x00004270                __mulsi3
 .text.libgcc   0x000042ae       0x44 c:/program files (x86)/atmel/avr tools/avr toolchain/bin/../lib/gcc/avr/4.5.1/avr5\libgcc.a(_udivmodsi4.o)
                0x000042ae                __udivmodsi4
 .text.libgcc   0x000042f2        0x0 c:/program files (x86)/atmel/avr tools/avr toolchain/bin/../lib/gcc/avr/4.5.1/avr5\libgcc.a(_exit.o)
 .text.libgcc   0x000042f2        0x0 c:/program files (x86)/atmel/avr tools/avr toolchain/bin/../lib/gcc/avr/4.5.1/avr5\libgcc.a(_copy_data.o)
 .text.libgcc   0x000042f2        0x0 c:/program files (x86)/atmel/avr tools/avr toolchain/bin/../lib/gcc/avr/4.5.1/avr5\libgcc.a(_clear_bss.o)
 .text.avr-libc
                0x000042f2       0x1a c:/program files (x86)/atmel/avr tools/avr toolchain/bin/../lib/gcc/avr/4.5.1/../../../../avr/lib/avr5\libc.a(memcmp.o)
                0x000042f2                memcmp
 .text.avr-libc
                0x0000430c       0x12 c:/program files (x86)/atmel/avr tools/avr toolchain/bin/../lib/gcc/avr/4.5.1/../../../../avr/lib/avr5\libc.a(memcpy.o)
                0x0000430c                memcpy
 .text.avr-libc
                0x0000431e        0xe c:/program files (x86)/atmel/avr tools/avr toolchain/bin/../lib/gcc/avr/4.5.1/../../../../avr/lib/avr5\libc.a(memset.o)
                0x0000431e                memset
 .text.avr-libc
                0x0000432c       0x16 c:/program files (x86)/atmel/avr tools/avr toolchain/bin/../lib/gcc/avr/4.5.1/../../../../avr/lib/avr5\libc.a(strchr.o)
                0x0000432c                strchr
                0x00004342                . = ALIGN (0x2)
 *(.fini9)
 .fini9         0x00004342        0x0 c:/program files (x86)/atmel/avr tools/avr toolchain/bin/../lib/gcc/avr/4.5.1/avr5\libgcc.a(_exit.o)
                0x00004342                _exit
                0x00004342                exit
 *(.fini9)
 *(.fini8)
 *(.fini8)
 *(.fini7)
 *(.fini7)
 *(.fini6)
 *(.fini6)
 *(.fini5)
 *(.fini5)
 *(.fini4)
 *(.fini4)
 *(.fini3)
 *(.fini3)
 *(.fini2)
 *(.fini2)
 *(.fini1)
 *(.fini1)
 *(.fini0)
 .fini0         0x00004342        0x4 c:/program files (x86)/atmel/avr tools/avr toolchain/bin/../lib/gcc/avr/4.5.1/avr5\libgcc.a(_exit.o)
 *(.fini0)
                0x00004346                _etext = .

.data           0x00800100       0x48 load address 0x00004346
                0x00800100                PROVIDE (__data_start, .)
 *(.data)
 .data          0x00800100        0x0 c:/program files (x86)/atmel/avr tools/avr toolchain/bin/../lib/gcc/avr/4.5.1/../../../../avr/lib/avr5/crtm328p.o
 .data          0x00800100        0x1 KursachV1.o
 .data          0x00800101        0x0 log.o
 .data          0x00800101        0x0 i2c_config.o
 .data          0x00800101       0x2f ssd1306.o
 .data          0x00800130        0x0 diskio.o
 .data          0x00800130       0x18 ff.o
 .data          0x00800148        0x0 c:/program files (x86)/atmel/avr tools/avr toolchain/bin/../lib/gcc/avr/4.5.1/avr5\libgcc.a(_mulsi3.o)
 .data          0x00800148        0x0 c:/program files (x86)/atmel/avr tools/avr toolchain/bin/../lib/gcc/avr/4.5.1/avr5\libgcc.a(_udivmodsi4.o)
 .data          0x00800148        0x0 c:/program files (x86)/atmel/avr tools/avr toolchain/bin/../lib/gcc/avr/4.5.1/avr5\libgcc.a(_exit.o)
 .data          0x00800148        0x0 c:/program files (x86)/atmel/avr tools/avr toolchain/bin/../lib/gcc/avr/4.5.1/avr5\libgcc.a(_copy_data.o)
 .data          0x00800148        0x0 c:/program files (x86)/atmel/avr tools/avr toolchain/bin/../lib/gcc/avr/4.5.1/avr5\libgcc.a(_clear_bss.o)
 .data          0x00800148        0x0 c:/program files (x86)/atmel/avr tools/avr toolchain/bin/../lib/gcc/avr/4.5.1/../../../../avr/lib/avr5\libc.a(memcmp.o)
 .data          0x00800148        0x0 c:/program files (x86)/atmel/avr tools/avr toolchain/bin/../lib/gcc/avr/4.5.1/../../../../avr/lib/avr5\libc.a(memcpy.o)
 .data          0x00800148        0x0 c:/program files (x86)/atmel/avr tools/avr toolchain/bin/../lib/gcc/avr/4.5.1/../../../../avr/lib/avr5\libc.a(memset.o)
 .data          0x00800148        0x0 c:/program files (x86)/atmel/avr tools/avr toolchain/bin/../lib/gcc/avr/4.5.1/../../../../avr/lib/avr5\libc.a(strchr.o)
 *(.data*)
 *(.rodata)
 *(.rodata*)
 *(.gnu.linkonce.d*)
                0x00800148                . = ALIGN (0x2)
                0x00800148                _edata = .
                0x00800148                PROVIDE (__data_end, .)

.bss            0x00800148      0x205
                0x00800148                PROVIDE (__bss_start, .)
 *(.bss)
 .bss           0x00800148        0x0 c:/program files (x86)/atmel/avr tools/avr toolchain/bin/../lib/gcc/avr/4.5.1/../../../../avr/lib/avr5/crtm328p.o
 .bss           0x00800148        0x0 KursachV1.o
 .bss           0x00800148        0x0 log.o
 .bss           0x00800148        0x0 i2c_config.o
 .bss           0x00800148        0x0 ssd1306.o
 .bss           0x00800148        0x1 diskio.o
                0x00800148                SD_type
 .bss           0x00800149        0x4 ff.o
 .bss           0x0080014d        0x0 c:/program files (x86)/atmel/avr tools/avr toolchain/bin/../lib/gcc/avr/4.5.1/avr5\libgcc.a(_mulsi3.o)
 .bss           0x0080014d        0x0 c:/program files (x86)/atmel/avr tools/avr toolchain/bin/../lib/gcc/avr/4.5.1/avr5\libgcc.a(_udivmodsi4.o)
 .bss           0x0080014d        0x0 c:/program files (x86)/atmel/avr tools/avr toolchain/bin/../lib/gcc/avr/4.5.1/avr5\libgcc.a(_exit.o)
 .bss           0x0080014d        0x0 c:/program files (x86)/atmel/avr tools/avr toolchain/bin/../lib/gcc/avr/4.5.1/avr5\libgcc.a(_copy_data.o)
 .bss           0x0080014d        0x0 c:/program files (x86)/atmel/avr tools/avr toolchain/bin/../lib/gcc/avr/4.5.1/avr5\libgcc.a(_clear_bss.o)
 .bss           0x0080014d        0x0 c:/program files (x86)/atmel/avr tools/avr toolchain/bin/../lib/gcc/avr/4.5.1/../../../../avr/lib/avr5\libc.a(memcmp.o)
 .bss           0x0080014d        0x0 c:/program files (x86)/atmel/avr tools/avr toolchain/bin/../lib/gcc/avr/4.5.1/../../../../avr/lib/avr5\libc.a(memcpy.o)
 .bss           0x0080014d        0x0 c:/program files (x86)/atmel/avr tools/avr toolchain/bin/../lib/gcc/avr/4.5.1/../../../../avr/lib/avr5\libc.a(memset.o)
 .bss           0x0080014d        0x0 c:/program files (x86)/atmel/avr tools/avr toolchain/bin/../lib/gcc/avr/4.5.1/../../../../avr/lib/avr5\libc.a(strchr.o)
 *(.bss*)
 *(COMMON)
 COMMON         0x0080014d      0x200 diskio.o
                0x0080014d                SD_data
                0x0080034d                PROVIDE (__bss_end, .)
                0x00004346                __data_load_start = LOADADDR (.data)
                0x0000438e                __data_load_end = (__data_load_start + SIZEOF (.data))

.noinit         0x0080034d        0x0
                0x0080034d                PROVIDE (__noinit_start, .)
 *(.noinit*)
                0x0080034d                PROVIDE (__noinit_end, .)
                0x0080034d                _end = .
                0x0080034d                PROVIDE (__heap_start, .)

.eeprom         0x00810000        0x0
 *(.eeprom*)
                0x00810000                __eeprom_end = .

.fuse
 *(.fuse)
 *(.lfuse)
 *(.hfuse)
 *(.efuse)

.lock
 *(.lock*)

.signature
 *(.signature*)

.stab           0x00000000      0x90c
 *(.stab)
 .stab          0x00000000      0x6cc c:/program files (x86)/atmel/avr tools/avr toolchain/bin/../lib/gcc/avr/4.5.1/../../../../avr/lib/avr5/crtm328p.o
 .stab          0x000006cc       0xb4 c:/program files (x86)/atmel/avr tools/avr toolchain/bin/../lib/gcc/avr/4.5.1/../../../../avr/lib/avr5\libc.a(memcmp.o)
                                 0xc0 (size before relaxing)
 .stab          0x00000780       0x84 c:/program files (x86)/atmel/avr tools/avr toolchain/bin/../lib/gcc/avr/4.5.1/../../../../avr/lib/avr5\libc.a(memcpy.o)
                                 0x90 (size before relaxing)
 .stab          0x00000804       0x6c c:/program files (x86)/atmel/avr tools/avr toolchain/bin/../lib/gcc/avr/4.5.1/../../../../avr/lib/avr5\libc.a(memset.o)
                                 0x78 (size before relaxing)
 .stab          0x00000870       0x9c c:/program files (x86)/atmel/avr tools/avr toolchain/bin/../lib/gcc/avr/4.5.1/../../../../avr/lib/avr5\libc.a(strchr.o)
                                 0xa8 (size before relaxing)

.stabstr        0x00000000      0x267
 *(.stabstr)
 .stabstr       0x00000000      0x267 c:/program files (x86)/atmel/avr tools/avr toolchain/bin/../lib/gcc/avr/4.5.1/../../../../avr/lib/avr5/crtm328p.o

.stab.excl
 *(.stab.excl)

.stab.exclstr
 *(.stab.exclstr)

.stab.index
 *(.stab.index)

.stab.indexstr
 *(.stab.indexstr)

.comment
 *(.comment)

.debug
 *(.debug)

.line
 *(.line)

.debug_srcinfo
 *(.debug_srcinfo)

.debug_sfnames
 *(.debug_sfnames)

.debug_aranges  0x00000000       0xc0
 *(.debug_aranges)
 .debug_aranges
                0x00000000       0x20 KursachV1.o
 .debug_aranges
                0x00000020       0x20 log.o
 .debug_aranges
                0x00000040       0x20 i2c_config.o
 .debug_aranges
                0x00000060       0x20 ssd1306.o
 .debug_aranges
                0x00000080       0x20 diskio.o
 .debug_aranges
                0x000000a0       0x20 ff.o

.debug_pubnames
                0x00000000      0x315
 *(.debug_pubnames)
 .debug_pubnames
                0x00000000       0x4e KursachV1.o
 .debug_pubnames
                0x0000004e       0x2a log.o
 .debug_pubnames
                0x00000078       0x48 i2c_config.o
 .debug_pubnames
                0x000000c0       0xb0 ssd1306.o
 .debug_pubnames
                0x00000170       0xd7 diskio.o
 .debug_pubnames
                0x00000247       0xce ff.o

.debug_info     0x00000000     0x314a
 *(.debug_info)
 .debug_info    0x00000000      0x769 KursachV1.o
 .debug_info    0x00000769      0x341 log.o
 .debug_info    0x00000aaa       0xe9 i2c_config.o
 .debug_info    0x00000b93      0x34f ssd1306.o
 .debug_info    0x00000ee2      0x5ba diskio.o
 .debug_info    0x0000149c     0x1cae ff.o
 *(.gnu.linkonce.wi.*)

.debug_abbrev   0x00000000      0xa51
 *(.debug_abbrev)
 .debug_abbrev  0x00000000      0x212 KursachV1.o
 .debug_abbrev  0x00000212      0x163 log.o
 .debug_abbrev  0x00000375       0x8b i2c_config.o
 .debug_abbrev  0x00000400      0x19b ssd1306.o
 .debug_abbrev  0x0000059b      0x21b diskio.o
 .debug_abbrev  0x000007b6      0x29b ff.o

.debug_line     0x00000000     0x32c0
 *(.debug_line)
 .debug_line    0x00000000      0x3c2 KursachV1.o
 .debug_line    0x000003c2      0x241 log.o
 .debug_line    0x00000603      0x193 i2c_config.o
 .debug_line    0x00000796      0x43a ssd1306.o
 .debug_line    0x00000bd0      0x5fa diskio.o
 .debug_line    0x000011ca     0x20f6 ff.o

.debug_frame    0x00000000      0x490
 *(.debug_frame)
 .debug_frame   0x00000000       0x60 KursachV1.o
 .debug_frame   0x00000060       0x30 log.o
 .debug_frame   0x00000090       0x50 i2c_config.o
 .debug_frame   0x000000e0       0x80 ssd1306.o
 .debug_frame   0x00000160       0xd0 diskio.o
 .debug_frame   0x00000230      0x260 ff.o

.debug_str      0x00000000      0x86a
 *(.debug_str)
 .debug_str     0x00000000      0x394 KursachV1.o
                                0x3f8 (size before relaxing)
 .debug_str     0x00000394       0x20 log.o
                                0x16f (size before relaxing)
 .debug_str     0x000003b4       0x46 i2c_config.o
                                0x12f (size before relaxing)
 .debug_str     0x000003fa       0xc3 ssd1306.o
                                0x217 (size before relaxing)
 .debug_str     0x000004bd       0xf7 diskio.o
                                0x27f (size before relaxing)
 .debug_str     0x000005b4      0x2b6 ff.o
                                0x610 (size before relaxing)

.debug_loc      0x00000000     0x3fca
 *(.debug_loc)
 .debug_loc     0x00000000      0x1d1 KursachV1.o
 .debug_loc     0x000001d1      0x260 log.o
 .debug_loc     0x00000431       0x49 i2c_config.o
 .debug_loc     0x0000047a      0x165 ssd1306.o
 .debug_loc     0x000005df      0x697 diskio.o
 .debug_loc     0x00000c76     0x3354 ff.o

.debug_macinfo
 *(.debug_macinfo)
OUTPUT(KursachV1.elf elf32-avr)
LOAD linker stubs

.debug_pubtypes
                0x00000000      0x265
 .debug_pubtypes
                0x00000000       0x9d KursachV1.o
 .debug_pubtypes
                0x0000009d       0x38 log.o
 .debug_pubtypes
                0x000000d5       0x1e i2c_config.o
 .debug_pubtypes
                0x000000f3       0x38 ssd1306.o
 .debug_pubtypes
                0x0000012b       0x7f diskio.o
 .debug_pubtypes
                0x000001aa       0xbb ff.o

.debug_ranges   0x00000000      0x158
 .debug_ranges  0x00000000      0x158 ff.o
